Archive member included to satisfy reference by file (symbol)

c:/program files (x86)/gnu tools arm embedded/5.4 2016q2/bin/../lib/gcc/arm-none-eabi/5.4.1/armv6-m\libgcc.a(_udivsi3.o)
                              ..\obj\stm32f0xx_rcc.o (__aeabi_uidiv)
c:/program files (x86)/gnu tools arm embedded/5.4 2016q2/bin/../lib/gcc/arm-none-eabi/5.4.1/armv6-m\libgcc.a(_dvmd_tls.o)
                              c:/program files (x86)/gnu tools arm embedded/5.4 2016q2/bin/../lib/gcc/arm-none-eabi/5.4.1/armv6-m\libgcc.a(_udivsi3.o) (__aeabi_idiv0)
c:/program files (x86)/gnu tools arm embedded/5.4 2016q2/bin/../lib/gcc/arm-none-eabi/5.4.1/../../../../arm-none-eabi/lib/armv6-m\libg.a(lib_a-memcpy-stub.o)
                              ..\obj\NRF24L01.o (memcpy)
c:/program files (x86)/gnu tools arm embedded/5.4 2016q2/bin/../lib/gcc/arm-none-eabi/5.4.1/../../../../arm-none-eabi/lib/armv6-m\libg.a(lib_a-memset.o)
                              ..\obj\Debug.o (memset)
c:/program files (x86)/gnu tools arm embedded/5.4 2016q2/bin/../lib/gcc/arm-none-eabi/5.4.1/../../../../arm-none-eabi/lib/armv6-m\libg.a(lib_a-sprintf.o)
                              ..\obj\Debug.o (sprintf)
c:/program files (x86)/gnu tools arm embedded/5.4 2016q2/bin/../lib/gcc/arm-none-eabi/5.4.1/../../../../arm-none-eabi/lib/armv6-m\libg.a(lib_a-strcat.o)
                              ..\obj\NRF24L01.o (strcat)
c:/program files (x86)/gnu tools arm embedded/5.4 2016q2/bin/../lib/gcc/arm-none-eabi/5.4.1/../../../../arm-none-eabi/lib/armv6-m\libg.a(lib_a-strcpy.o)
                              c:/program files (x86)/gnu tools arm embedded/5.4 2016q2/bin/../lib/gcc/arm-none-eabi/5.4.1/../../../../arm-none-eabi/lib/armv6-m\libg.a(lib_a-strcat.o) (strcpy)
c:/program files (x86)/gnu tools arm embedded/5.4 2016q2/bin/../lib/gcc/arm-none-eabi/5.4.1/../../../../arm-none-eabi/lib/armv6-m\libg.a(lib_a-strlen-stub.o)
                              ..\obj\Debug.o (strlen)
c:/program files (x86)/gnu tools arm embedded/5.4 2016q2/bin/../lib/gcc/arm-none-eabi/5.4.1/../../../../arm-none-eabi/lib/armv6-m\libg.a(lib_a-svfprintf.o)
                              c:/program files (x86)/gnu tools arm embedded/5.4 2016q2/bin/../lib/gcc/arm-none-eabi/5.4.1/../../../../arm-none-eabi/lib/armv6-m\libg.a(lib_a-sprintf.o) (_svfprintf_r)
c:/program files (x86)/gnu tools arm embedded/5.4 2016q2/bin/../lib/gcc/arm-none-eabi/5.4.1/../../../../arm-none-eabi/lib/armv6-m\libg.a(lib_a-dtoa.o)
                              c:/program files (x86)/gnu tools arm embedded/5.4 2016q2/bin/../lib/gcc/arm-none-eabi/5.4.1/../../../../arm-none-eabi/lib/armv6-m\libg.a(lib_a-svfprintf.o) (_dtoa_r)
c:/program files (x86)/gnu tools arm embedded/5.4 2016q2/bin/../lib/gcc/arm-none-eabi/5.4.1/../../../../arm-none-eabi/lib/armv6-m\libg.a(lib_a-impure.o)
                              c:/program files (x86)/gnu tools arm embedded/5.4 2016q2/bin/../lib/gcc/arm-none-eabi/5.4.1/../../../../arm-none-eabi/lib/armv6-m\libg.a(lib_a-sprintf.o) (_impure_ptr)
c:/program files (x86)/gnu tools arm embedded/5.4 2016q2/bin/../lib/gcc/arm-none-eabi/5.4.1/../../../../arm-none-eabi/lib/armv6-m\libg.a(lib_a-locale.o)
                              c:/program files (x86)/gnu tools arm embedded/5.4 2016q2/bin/../lib/gcc/arm-none-eabi/5.4.1/../../../../arm-none-eabi/lib/armv6-m\libg.a(lib_a-svfprintf.o) (_localeconv_r)
c:/program files (x86)/gnu tools arm embedded/5.4 2016q2/bin/../lib/gcc/arm-none-eabi/5.4.1/../../../../arm-none-eabi/lib/armv6-m\libg.a(lib_a-mallocr.o)
                              c:/program files (x86)/gnu tools arm embedded/5.4 2016q2/bin/../lib/gcc/arm-none-eabi/5.4.1/../../../../arm-none-eabi/lib/armv6-m\libg.a(lib_a-svfprintf.o) (_malloc_r)
c:/program files (x86)/gnu tools arm embedded/5.4 2016q2/bin/../lib/gcc/arm-none-eabi/5.4.1/../../../../arm-none-eabi/lib/armv6-m\libg.a(lib_a-memchr-stub.o)
                              c:/program files (x86)/gnu tools arm embedded/5.4 2016q2/bin/../lib/gcc/arm-none-eabi/5.4.1/../../../../arm-none-eabi/lib/armv6-m\libg.a(lib_a-svfprintf.o) (memchr)
c:/program files (x86)/gnu tools arm embedded/5.4 2016q2/bin/../lib/gcc/arm-none-eabi/5.4.1/../../../../arm-none-eabi/lib/armv6-m\libg.a(lib_a-mlock.o)
                              c:/program files (x86)/gnu tools arm embedded/5.4 2016q2/bin/../lib/gcc/arm-none-eabi/5.4.1/../../../../arm-none-eabi/lib/armv6-m\libg.a(lib_a-mallocr.o) (__malloc_lock)
c:/program files (x86)/gnu tools arm embedded/5.4 2016q2/bin/../lib/gcc/arm-none-eabi/5.4.1/../../../../arm-none-eabi/lib/armv6-m\libg.a(lib_a-mprec.o)
                              c:/program files (x86)/gnu tools arm embedded/5.4 2016q2/bin/../lib/gcc/arm-none-eabi/5.4.1/../../../../arm-none-eabi/lib/armv6-m\libg.a(lib_a-dtoa.o) (_Balloc)
c:/program files (x86)/gnu tools arm embedded/5.4 2016q2/bin/../lib/gcc/arm-none-eabi/5.4.1/../../../../arm-none-eabi/lib/armv6-m\libg.a(lib_a-sbrkr.o)
[...]
Memory Configuration

Name             Origin             Length             Attributes
rom              0x08000000         0x00020000         xr
ram              0x20000000         0x00004000         xrw
*default*        0x00000000         0xffffffff

Linker script and memory map

                0x20004000                _eram = 0x20004000

.text           0x08000000     0x7c2c
 *(.isr_vector)
 .isr_vector    0x08000000       0xc4 ..\obj\startup_stm32f0xx.o
                0x08000000                g_pfnVectors
 *(.text*)
 .text.RCC_GetClocksFreq
                0x080000c4      0x264 ..\obj\stm32f0xx_rcc.o
                0x080000c4                RCC_GetClocksFreq
 .text.RCC_AHBPeriphClockCmd
                0x08000328       0x40 ..\obj\stm32f0xx_rcc.o
                0x08000328                RCC_AHBPeriphClockCmd
 .text.RCC_APB2PeriphClockCmd
                0x08000368       0x40 ..\obj\stm32f0xx_rcc.o
                0x08000368                RCC_APB2PeriphClockCmd
 .text.RCC_APB1PeriphClockCmd
                0x080003a8       0x40 ..\obj\stm32f0xx_rcc.o
                0x080003a8                RCC_APB1PeriphClockCmd
 .text.debugInit
                0x080003e8       0xd4 ..\obj\Debug.o
                0x080003e8                debugInit
 .text.debugSend
                0x080004bc       0x74 ..\obj\Debug.o
                0x080004bc                debugSend
 .text.USART1_IRQHandler
                0x08000530       0x48 ..\obj\Debug.o
                0x08000530                USART1_IRQHandler
 .text.Initial_SPI
                0x08000578      0x124 ..\obj\NRF24L01.o
 .text.SPI_Send_byte
                0x0800069c       0x4c ..\obj\NRF24L01.o
 .text.SPI_Receive_byte
                0x080006e8       0x50 ..\obj\NRF24L01.o
 .text.delay1us
                0x08000738       0x28 ..\obj\NRF24L01.o
 .text.SPI_RW_Reg
                0x08000760       0x60 ..\obj\NRF24L01.o
                0x08000760                SPI_RW_Reg
 .text.SPI_Read_Reg
                0x080007c0       0x58 ..\obj\NRF24L01.o
                0x080007c0                SPI_Read_Reg
 .text.SPI_Read_Buf
                0x08000818       0x94 ..\obj\NRF24L01.o
                0x08000818                SPI_Read_Buf
 .text.SPI_Write_Buf
                0x080008ac       0x94 ..\obj\NRF24L01.o
                0x080008ac                SPI_Write_Buf
 .text.RX_Mode  0x08000940       0x64 ..\obj\NRF24L01.o
                0x08000940                RX_Mode
 .text.nRF24L01_Initial
                0x080009a4       0x74 ..\obj\NRF24L01.o
                0x080009a4                nRF24L01_Initial
 .text.NRF24L01_Receive
                0x08000a18       0xf4 ..\obj\NRF24L01.o
                0x08000a18                NRF24L01_Receive
 .text.NVIC_SetPriority
                0x08000b0c       0xdc ..\obj\main.o
 .text.SysTick_Config
                0x08000be8       0x4c ..\obj\main.o
 .text.main     0x08000c34       0x54 ..\obj\main.o
                0x08000c34                main
 .text.Delay    0x08000c88       0x24 ..\obj\main.o
                0x08000c88                Delay
 .text.TimingDelay_Decrement
                0x08000cac       0x20 ..\obj\main.o
                0x08000cac                TimingDelay_Decrement
 .text.Reset_Handler
                0x08000ccc       0x44 ..\obj\startup_stm32f0xx.o
                0x08000ccc                Reset_Handler
 .text.Default_Handler
                0x08000d10        0x2 ..\obj\startup_stm32f0xx.o
                0x08000d10                PVD_VDDUSB_LP_IRQHandler
                0x08000d10                TIM1_CC_IRQHandler
                0x08000d10                ADC1_COMP_IRQHandler
                0x08000d10                I2C1_IRQHandler
                0x08000d10                RCC_CRS_IRQHandler
                0x08000d10                SPI1_IRQHandler
                0x08000d10                TIM6_DAC_IRQHandler
                0x08000d10                USART3_4_IRQHandler
                0x08000d10                EXTI2_3_IRQHandler
                0x08000d10                I2C2_IRQHandler
                0x08000d10                TIM17_IRQHandler
                0x08000d10                CEC_CAN_IRQHandler
                0x08000d10                RTC_IRQHandler
                0x08000d10                DMA1_Channel4_5_6_7_IRQHandler
                0x08000d10                TIM16_IRQHandler
                0x08000d10                TIM3_IRQHandler
                0x08000d10                EXTI4_15_IRQHandler
                0x08000d10                DMA1_Channel1_IRQHandler
                0x08000d10                Default_Handler
                0x08000d10                TIM14_IRQHandler
                0x08000d10                TIM7_IRQHandler
                0x08000d10                TIM15_IRQHandler
                0x08000d10                EXTI0_1_IRQHandler
                0x08000d10                SPI2_IRQHandler
                0x08000d10                USB_LP_IRQHandler
                0x08000d10                TS_IRQHandler
                0x08000d10                WWDG_IRQHandler
                0x08000d10                TIM2_IRQHandler
                0x08000d10                DMA1_Channel2_3_IRQHandler
                0x08000d10                USART2_IRQHandler
                0x08000d10                FLASH_IRQHandler
                0x08000d10                TIM1_BRK_UP_TRG_COM_IRQHandler
 *fill*         0x08000d12        0x2 
 .text.SPI_Init
                0x08000d14      0x108 ..\obj\stm32f0xx_spi.o
                0x08000d14                SPI_Init
 .text.SPI_Cmd  0x08000e1c       0x40 ..\obj\stm32f0xx_spi.o
                0x08000e1c                SPI_Cmd
 .text.SPI_RxFIFOThresholdConfig
                0x08000e5c       0x3c ..\obj\stm32f0xx_spi.o
                0x08000e5c                SPI_RxFIFOThresholdConfig
 .text.SPI_SendData8
                0x08000e98       0x2c ..\obj\stm32f0xx_spi.o
                0x08000e98                SPI_SendData8
 .text.SPI_ReceiveData8
                0x08000ec4       0x24 ..\obj\stm32f0xx_spi.o
                0x08000ec4                SPI_ReceiveData8
 .text.SPI_I2S_GetFlagStatus
                0x08000ee8       0x48 ..\obj\stm32f0xx_spi.o
                0x08000ee8                SPI_I2S_GetFlagStatus
 .text.GPIO_Init
                0x08000f30      0x130 ..\obj\stm32f0xx_gpio.o
                0x08000f30                GPIO_Init
 .text.GPIO_SetBits
                0x08001060       0x20 ..\obj\stm32f0xx_gpio.o
                0x08001060                GPIO_SetBits
 .text.GPIO_ResetBits
                0x08001080       0x20 ..\obj\stm32f0xx_gpio.o
                0x08001080                GPIO_ResetBits
 .text.GPIO_PinAFConfig
                0x080010a0       0xa4 ..\obj\stm32f0xx_gpio.o
                0x080010a0                GPIO_PinAFConfig
 .text._sbrk    0x08001144       0x3c ..\obj\syscalls.o
                0x08001144                _sbrk
 .text.USART_Init
                0x08001180      0x174 ..\obj\stm32f0xx_usart.o
                0x08001180                USART_Init
 .text.USART_Cmd
                0x080012f4       0x3c ..\obj\stm32f0xx_usart.o
                0x080012f4                USART_Cmd
 .text.USART_SendData
                0x08001330       0x24 ..\obj\stm32f0xx_usart.o
                0x08001330                USART_SendData
 .text.USART_ReceiveData
                0x08001354       0x1c ..\obj\stm32f0xx_usart.o
                0x08001354                USART_ReceiveData
 .text.USART_ITConfig
                0x08001370       0x88 ..\obj\stm32f0xx_usart.o
                0x08001370                USART_ITConfig
 .text.USART_GetFlagStatus
                0x080013f8       0x3c ..\obj\stm32f0xx_usart.o
                0x080013f8                USART_GetFlagStatus
 .text.USART_GetITStatus
                0x08001434       0xb0 ..\obj\stm32f0xx_usart.o
                0x08001434                USART_GetITStatus
 .text.SystemInit
                0x080014e4       0x8c ..\obj\system_stm32f0xx.o
                0x080014e4                SystemInit
 .text.SetSysClock
                0x08001570       0x88 ..\obj\system_stm32f0xx.o
 .text.NMI_Handler
                0x080015f8        0xc ..\obj\stm32f0xx_it.o
                0x080015f8                NMI_Handler
 .text.HardFault_Handler
                0x08001604        0x8 ..\obj\stm32f0xx_it.o
                0x08001604                HardFault_Handler
 .text.SVC_Handler
                0x0800160c        0xc ..\obj\stm32f0xx_it.o
                0x0800160c                SVC_Handler
 .text.PendSV_Handler
                0x08001618        0xc ..\obj\stm32f0xx_it.o
                0x08001618                PendSV_Handler
 .text.SysTick_Handler
                0x08001624       0x10 ..\obj\stm32f0xx_it.o
                0x08001624                SysTick_Handler
 .text.NVIC_Init
                0x08001634       0xac ..\obj\stm32f0xx_misc.o
                0x08001634                NVIC_Init
 .text          0x080016e0      0x114 c:/program files (x86)/gnu tools arm embedded/5.4 2016q2/bin/../lib/gcc/arm-none-eabi/5.4.1/armv6-m\libgcc.a(_udivsi3.o)
                0x080016e0                __aeabi_uidiv
                0x080016e0                __udivsi3
                0x080017ec                __aeabi_uidivmod
 .text          0x080017f4        0x4 c:/program files (x86)/gnu tools arm embedded/5.4 2016q2/bin/../lib/gcc/arm-none-eabi/5.4.1/armv6-m\libgcc.a(_dvmd_tls.o)
                0x080017f4                __aeabi_idiv0
                0x080017f4                __aeabi_ldiv0
 .text.memcpy   0x080017f8       0x7c c:/program files (x86)/gnu tools arm embedded/5.4 2016q2/bin/../lib/gcc/arm-none-eabi/5.4.1/../../../../arm-none-eabi/lib/armv6-m\libg.a(lib_a-memcpy-stub.o)
                0x080017f8                memcpy
 .text.memset   0x08001874       0x8c c:/program files (x86)/gnu tools arm embedded/5.4 2016q2/bin/../lib/gcc/arm-none-eabi/5.4.1/../../../../arm-none-eabi/lib/armv6-m\libg.a(lib_a-memset.o)
                0x08001874                memset
 .text.sprintf  0x08001900       0x44 c:/program files (x86)/gnu tools arm embedded/5.4 2016q2/bin/../lib/gcc/arm-none-eabi/5.4.1/../../../../arm-none-eabi/lib/armv6-m\libg.a(lib_a-sprintf.o)
                0x08001900                sprintf
 .text.strcat   0x08001944       0x50 c:/program files (x86)/gnu tools arm embedded/5.4 2016q2/bin/../lib/gcc/arm-none-eabi/5.4.1/../../../../arm-none-eabi/lib/armv6-m\libg.a(lib_a-strcat.o)
                0x08001944                strcat
 .text.strcpy   0x08001994       0x10 c:/program files (x86)/gnu tools arm embedded/5.4 2016q2/bin/../lib/gcc/arm-none-eabi/5.4.1/../../../../arm-none-eabi/lib/armv6-m\libg.a(lib_a-strcpy.o)
                0x08001994                strcpy
 .text.strlen   0x080019a4       0x68 c:/program files (x86)/gnu tools arm embedded/5.4 2016q2/bin/../lib/gcc/arm-none-eabi/5.4.1/../../../../arm-none-eabi/lib/armv6-m\libg.a(lib_a-strlen-stub.o)
                0x080019a4                strlen
 .text._svfprintf_r
                0x08001a0c     0x1820 c:/program files (x86)/gnu tools arm embedded/5.4 2016q2/bin/../lib/gcc/arm-none-eabi/5.4.1/../../../../arm-none-eabi/lib/armv6-m\libg.a(lib_a-svfprintf.o)
                0x08001a0c                _svfprintf_r
 .text.quorem   0x0800322c      0x150 c:/program files (x86)/gnu tools arm embedded/5.4 2016q2/bin/../lib/gcc/arm-none-eabi/5.4.1/../../../../arm-none-eabi/lib/armv6-m\libg.a(lib_a-dtoa.o)
 .text._dtoa_r  0x0800337c      0xf54 c:/program files (x86)/gnu tools arm embedded/5.4 2016q2/bin/../lib/gcc/arm-none-eabi/5.4.1/../../../../arm-none-eabi/lib/armv6-m\libg.a(lib_a-dtoa.o)
                0x0800337c                _dtoa_r
 .text._localeconv_r
                0x080042d0        0x8 c:/program files (x86)/gnu tools arm embedded/5.4 2016q2/bin/../lib/gcc/arm-none-eabi/5.4.1/../../../../arm-none-eabi/lib/armv6-m\libg.a(lib_a-locale.o)
                0x080042d0                _localeconv_r
 .text._malloc_r
                0x080042d8      0x554 c:/program files (x86)/gnu tools arm embedded/5.4 2016q2/bin/../lib/gcc/arm-none-eabi/5.4.1/../../../../arm-none-eabi/lib/armv6-m\libg.a(lib_a-mallocr.o)
                0x080042d8                _malloc_r
 .text.memchr   0x0800482c       0x90 c:/program files (x86)/gnu tools arm embedded/5.4 2016q2/bin/../lib/gcc/arm-none-eabi/5.4.1/../../../../arm-none-eabi/lib/armv6-m\libg.a(lib_a-memchr-stub.o)
                0x0800482c                memchr
 .text.__malloc_lock
                0x080048bc        0x4 c:/program files (x86)/gnu tools arm embedded/5.4 2016q2/bin/../lib/gcc/arm-none-eabi/5.4.1/../../../../arm-none-eabi/lib/armv6-m\libg.a(lib_a-mlock.o)
                0x080048bc                __malloc_lock
 .text.__malloc_unlock
                0x080048c0        0x4 c:/program files (x86)/gnu tools arm embedded/5.4 2016q2/bin/../lib/gcc/arm-none-eabi/5.4.1/../../../../arm-none-eabi/lib/armv6-m\libg.a(lib_a-mlock.o)
                0x080048c0                __malloc_unlock
 .text._Balloc  0x080048c4       0x50 c:/program files (x86)/gnu tools arm embedded/5.4 2016q2/bin/../lib/gcc/arm-none-eabi/5.4.1/../../../../arm-none-eabi/lib/armv6-m\libg.a(lib_a-mprec.o)
                0x080048c4                _Balloc
 .text._Bfree   0x08004914       0x14 c:/program files (x86)/gnu tools arm embedded/5.4 2016q2/bin/../lib/gcc/arm-none-eabi/5.4.1/../../../../arm-none-eabi/lib/armv6-m\libg.a(lib_a-mprec.o)
                0x08004914                _Bfree
 .text.__multadd
                0x08004928       0x8c c:/program files (x86)/gnu tools arm embedded/5.4 2016q2/bin/../lib/gcc/arm-none-eabi/5.4.1/../../../../arm-none-eabi/lib/armv6-m\libg.a(lib_a-mprec.o)
                0x08004928                __multadd
 .text.__hi0bits
                0x080049b4       0x3c c:/program files (x86)/gnu tools arm embedded/5.4 2016q2/bin/../lib/gcc/arm-none-eabi/5.4.1/../../../../arm-none-eabi/lib/armv6-m\libg.a(lib_a-mprec.o)
                0x080049b4                __hi0bits
 .text.__lo0bits
                0x080049f0       0x5c c:/program files (x86)/gnu tools arm embedded/5.4 2016q2/bin/../lib/gcc/arm-none-eabi/5.4.1/../../../../arm-none-eabi/lib/armv6-m\libg.a(lib_a-mprec.o)
                0x080049f0                __lo0bits
 .text.__i2b    0x08004a4c       0x14 c:/program files (x86)/gnu tools arm embedded/5.4 2016q2/bin/../lib/gcc/arm-none-eabi/5.4.1/../../../../arm-none-eabi/lib/armv6-m\libg.a(lib_a-mprec.o)
                0x08004a4c                __i2b
 .text.__multiply
                0x08004a60      0x15c c:/program files (x86)/gnu tools arm embedded/5.4 2016q2/bin/../lib/gcc/arm-none-eabi/5.4.1/../../../../arm-none-eabi/lib/armv6-m\libg.a(lib_a-mprec.o)
                0x08004a60                __multiply
 .text.__pow5mult
                0x08004bbc       0xbc c:/program files (x86)/gnu tools arm embedded/5.4 2016q2/bin/../lib/gcc/arm-none-eabi/5.4.1/../../../../arm-none-eabi/lib/armv6-m\libg.a(lib_a-mprec.o)
                0x08004bbc                __pow5mult
 .text.__lshift
                0x08004c78       0xc0 c:/program files (x86)/gnu tools arm embedded/5.4 2016q2/bin/../lib/gcc/arm-none-eabi/5.4.1/../../../../arm-none-eabi/lib/armv6-m\libg.a(lib_a-mprec.o)
                0x08004c78                __lshift
 .text.__mcmp   0x08004d38       0x3c c:/program files (x86)/gnu tools arm embedded/5.4 2016q2/bin/../lib/gcc/arm-none-eabi/5.4.1/../../../../arm-none-eabi/lib/armv6-m\libg.a(lib_a-mprec.o)
                0x08004d38                __mcmp
 .text.__mdiff  0x08004d74      0x11c c:/program files (x86)/gnu tools arm embedded/5.4 2016q2/bin/../lib/gcc/arm-none-eabi/5.4.1/../../../../arm-none-eabi/lib/armv6-m\libg.a(lib_a-mprec.o)
                0x08004d74                __mdiff
 .text.__d2b    0x08004e90       0xbc c:/program files (x86)/gnu tools arm embedded/5.4 2016q2/bin/../lib/gcc/arm-none-eabi/5.4.1/../../../../arm-none-eabi/lib/armv6-m\libg.a(lib_a-mprec.o)
                0x08004e90                __d2b
 .text._sbrk_r  0x08004f4c       0x24 c:/program files (x86)/gnu tools arm embedded/5.4 2016q2/bin/../lib/gcc/arm-none-eabi/5.4.1/../../../../arm-none-eabi/lib/armv6-m\libg.a(lib_a-sbrkr.o)
                0x08004f4c                _sbrk_r
 .text.__ssprint_r
                0x08004f70      0x130 c:/program files (x86)/gnu tools arm embedded/5.4 2016q2/bin/../lib/gcc/arm-none-eabi/5.4.1/../../../../arm-none-eabi/lib/armv6-m\libg.a(lib_a-svfiprintf.o)
                0x08004f70                __ssprint_r
 .text._calloc_r
                0x080050a0       0x60 c:/program files (x86)/gnu tools arm embedded/5.4 2016q2/bin/../lib/gcc/arm-none-eabi/5.4.1/../../../../arm-none-eabi/lib/armv6-m\libg.a(lib_a-callocr.o)
                0x080050a0                _calloc_r
 .text._malloc_trim_r
                0x08005100       0xa0 c:/program files (x86)/gnu tools arm embedded/5.4 2016q2/bin/../lib/gcc/arm-none-eabi/5.4.1/../../../../arm-none-eabi/lib/armv6-m\libg.a(lib_a-freer.o)
                0x08005100                _malloc_trim_r
 .text._free_r  0x080051a0      0x1c4 c:/program files (x86)/gnu tools arm embedded/5.4 2016q2/bin/../lib/gcc/arm-none-eabi/5.4.1/../../../../arm-none-eabi/lib/armv6-m\libg.a(lib_a-freer.o)
                0x080051a0                _free_r
 .text.memmove  0x08005364       0x98 c:/program files (x86)/gnu tools arm embedded/5.4 2016q2/bin/../lib/gcc/arm-none-eabi/5.4.1/../../../../arm-none-eabi/lib/armv6-m\libg.a(lib_a-memmove.o)
                0x08005364                memmove
 .text._realloc_r
                0x080053fc      0x3dc c:/program files (x86)/gnu tools arm embedded/5.4 2016q2/bin/../lib/gcc/arm-none-eabi/5.4.1/../../../../arm-none-eabi/lib/armv6-m\libg.a(lib_a-reallocr.o)
                0x080053fc                _realloc_r
 .text          0x080057d8      0x1d4 c:/program files (x86)/gnu tools arm embedded/5.4 2016q2/bin/../lib/gcc/arm-none-eabi/5.4.1/armv6-m\libgcc.a(_divsi3.o)
                0x080057d8                __divsi3
                0x080057d8                __aeabi_idiv
                0x080059a4                __aeabi_idivmod
 .text          0x080059ac       0x7c c:/program files (x86)/gnu tools arm embedded/5.4 2016q2/bin/../lib/gcc/arm-none-eabi/5.4.1/armv6-m\libgcc.a(_arm_cmpdf2.o)
                0x080059ac                __aeabi_cdrcmple
                0x080059bc                __aeabi_cdcmple
                0x080059bc                __aeabi_cdcmpeq
                0x080059cc                __aeabi_dcmpeq
                0x080059d8                __aeabi_dcmplt
                0x080059ec                __aeabi_dcmple
                0x08005a00                __aeabi_dcmpgt
                0x08005a14                __aeabi_dcmpge
 .text          0x08005a28       0x40 c:/program files (x86)/gnu tools arm embedded/5.4 2016q2/bin/../lib/gcc/arm-none-eabi/5.4.1/armv6-m\libgcc.a(_aeabi_uldivmod.o)
                0x08005a28                __aeabi_uldivmod
 .text          0x08005a68      0x180 c:/program files (x86)/gnu tools arm embedded/5.4 2016q2/bin/../lib/gcc/arm-none-eabi/5.4.1/armv6-m\libgcc.a(_udivmoddi4.o)
                0x08005a68                __udivmoddi4
 .text          0x08005be8      0x658 c:/program files (x86)/gnu tools arm embedded/5.4 2016q2/bin/../lib/gcc/arm-none-eabi/5.4.1/armv6-m\libgcc.a(adddf3.o)
                0x08005be8                __aeabi_dadd
 .text          0x08006240      0x62c c:/program files (x86)/gnu tools arm embedded/5.4 2016q2/bin/../lib/gcc/arm-none-eabi/5.4.1/armv6-m\libgcc.a(divdf3.o)
                0x08006240                __aeabi_ddiv
 .text          0x0800686c       0x80 c:/program files (x86)/gnu tools arm embedded/5.4 2016q2/bin/../lib/gcc/arm-none-eabi/5.4.1/armv6-m\libgcc.a(eqdf2.o)
                0x0800686c                __nedf2
                0x0800686c                __eqdf2
 .text          0x080068ec       0xc8 c:/program files (x86)/gnu tools arm embedded/5.4 2016q2/bin/../lib/gcc/arm-none-eabi/5.4.1/armv6-m\libgcc.a(gedf2.o)
                0x080068ec                __gedf2
                0x080068ec                __gtdf2
 .text          0x080069b4       0xd4 c:/program files (x86)/gnu tools arm embedded/5.4 2016q2/bin/../lib/gcc/arm-none-eabi/5.4.1/armv6-m\libgcc.a(ledf2.o)
                0x080069b4                __ledf2
                0x080069b4                __ltdf2
 .text          0x08006a88      0x4f4 c:/program files (x86)/gnu tools arm embedded/5.4 2016q2/bin/../lib/gcc/arm-none-eabi/5.4.1/armv6-m\libgcc.a(muldf3.o)
                0x08006a88                __aeabi_dmul
 .text          0x08006f7c      0x6a8 c:/program files (x86)/gnu tools arm embedded/5.4 2016q2/bin/../lib/gcc/arm-none-eabi/5.4.1/armv6-m\libgcc.a(subdf3.o)
                0x08006f7c                __aeabi_dsub
 .text          0x08007624       0x40 c:/program files (x86)/gnu tools arm embedded/5.4 2016q2/bin/../lib/gcc/arm-none-eabi/5.4.1/armv6-m\libgcc.a(unorddf2.o)
                0x08007624                __aeabi_dcmpun
 .text          0x08007664       0x6c c:/program files (x86)/gnu tools arm embedded/5.4 2016q2/bin/../lib/gcc/arm-none-eabi/5.4.1/armv6-m\libgcc.a(fixdfsi.o)
                0x08007664                __aeabi_d2iz
 .text          0x080076d0       0x84 c:/program files (x86)/gnu tools arm embedded/5.4 2016q2/bin/../lib/gcc/arm-none-eabi/5.4.1/armv6-m\libgcc.a(floatsidf.o)
                0x080076d0                __aeabi_i2d
 .text          0x08007754       0x70 c:/program files (x86)/gnu tools arm embedded/5.4 2016q2/bin/../lib/gcc/arm-none-eabi/5.4.1/armv6-m\libgcc.a(floatunsidf.o)
                0x08007754                __aeabi_ui2d
 .text          0x080077c4       0x3c c:/program files (x86)/gnu tools arm embedded/5.4 2016q2/bin/../lib/gcc/arm-none-eabi/5.4.1/armv6-m\libgcc.a(_clzsi2.o)
                0x080077c4                __clzsi2
 .text          0x08007800       0x18 c:/program files (x86)/gnu tools arm embedded/5.4 2016q2/bin/../lib/gcc/arm-none-eabi/5.4.1/armv6-m\libgcc.a(_clzdi2.o)
                0x08007800                __clzdi2
 *(.init)
 *(.fini)
 *crtbegin.o(.ctors)
 *crtbegin?.o(.ctors)
 *(EXCLUDE_FILE(*crtend.o *crtend?.o) .ctors)
 *(SORT(.ctors.*))
 *(.ctors)
 *crtbegin.o(.dtors)
 *crtbegin?.o(.dtors)
 *(EXCLUDE_FILE(*crtend.o *crtend?.o) .dtors)
 *(SORT(.dtors.*))
 *(.dtors)
 *(.rodata*)
 .rodata        0x08007818       0x80 ..\obj\NRF24L01.o
 .rodata        0x08007898       0x2b ..\obj\main.o
 *fill*         0x080078c3        0x1 
 .rodata._svfprintf_r
                0x080078c4      0x164 c:/program files (x86)/gnu tools arm embedded/5.4 2016q2/bin/../lib/gcc/arm-none-eabi/5.4.1/../../../../arm-none-eabi/lib/armv6-m\libg.a(lib_a-svfprintf.o)
 .rodata.blanks.7055
                0x08007a28       0x10 c:/program files (x86)/gnu tools arm embedded/5.4 2016q2/bin/../lib/gcc/arm-none-eabi/5.4.1/../../../../arm-none-eabi/lib/armv6-m\libg.a(lib_a-svfprintf.o)
 .rodata.str1.4
                0x08007a38       0x42 c:/program files (x86)/gnu tools arm embedded/5.4 2016q2/bin/../lib/gcc/arm-none-eabi/5.4.1/../../../../arm-none-eabi/lib/armv6-m\libg.a(lib_a-svfprintf.o)
 *fill*         0x08007a7a        0x2 
 .rodata.zeroes.7056
                0x08007a7c       0x10 c:/program files (x86)/gnu tools arm embedded/5.4 2016q2/bin/../lib/gcc/arm-none-eabi/5.4.1/../../../../arm-none-eabi/lib/armv6-m\libg.a(lib_a-svfprintf.o)
 .rodata.str1.4
                0x08007a8c       0x10 c:/program files (x86)/gnu tools arm embedded/5.4 2016q2/bin/../lib/gcc/arm-none-eabi/5.4.1/../../../../arm-none-eabi/lib/armv6-m\libg.a(lib_a-dtoa.o)
                                 0x12 (size before relaxing)
 .rodata.str1.4
                0x08007a9c        0x2 c:/program files (x86)/gnu tools arm embedded/5.4 2016q2/bin/../lib/gcc/arm-none-eabi/5.4.1/../../../../arm-none-eabi/lib/armv6-m\libg.a(lib_a-impure.o)
 *fill*         0x08007a9e        0x2 
 .rodata.str1.4
                0x08007aa0        0xc c:/program files (x86)/gnu tools arm embedded/5.4 2016q2/bin/../lib/gcc/arm-none-eabi/5.4.1/../../../../arm-none-eabi/lib/armv6-m\libg.a(lib_a-locale.o)
                                 0x12 (size before relaxing)
 *fill*         0x08007aac        0x4 
 .rodata.__mprec_tens
                0x08007ab0       0xc8 c:/program files (x86)/gnu tools arm embedded/5.4 2016q2/bin/../lib/gcc/arm-none-eabi/5.4.1/../../../../arm-none-eabi/lib/armv6-m\libg.a(lib_a-mprec.o)
                0x08007ab0                __mprec_tens
 .rodata.__mprec_bigtens
                0x08007b78       0x28 c:/program files (x86)/gnu tools arm embedded/5.4 2016q2/bin/../lib/gcc/arm-none-eabi/5.4.1/../../../../arm-none-eabi/lib/armv6-m\libg.a(lib_a-mprec.o)
                0x08007b78                __mprec_bigtens
 .rodata.p05.5396
                0x08007ba0        0xc c:/program files (x86)/gnu tools arm embedded/5.4 2016q2/bin/../lib/gcc/arm-none-eabi/5.4.1/../../../../arm-none-eabi/lib/armv6-m\libg.a(lib_a-mprec.o)
 .rodata        0x08007bac       0x40 c:/program files (x86)/gnu tools arm embedded/5.4 2016q2/bin/../lib/gcc/arm-none-eabi/5.4.1/armv6-m\libgcc.a(divdf3.o)
 .rodata        0x08007bec       0x40 c:/program files (x86)/gnu tools arm embedded/5.4 2016q2/bin/../lib/gcc/arm-none-eabi/5.4.1/armv6-m\libgcc.a(muldf3.o)
 *(.eh_fram e*)

.glue_7         0x08007c2c        0x0
 .glue_7        0x08007c2c        0x0 linker stubs

.glue_7t        0x08007c2c        0x0
 .glue_7t       0x08007c2c        0x0 linker stubs

.vfp11_veneer   0x08007c2c        0x0
 .vfp11_veneer  0x08007c2c        0x0 linker stubs

.v4_bx          0x08007c2c        0x0
 .v4_bx         0x08007c2c        0x0 linker stubs

.iplt           0x08007c2c        0x0
 .iplt          0x08007c2c        0x0 ..\obj\stm32f0xx_rcc.o

.ARM.extab
 *(.ARM.extab* .gnu.linkonce.armextab.*)
                0x08007c2c                __exidx_start = .

.ARM.exidx      0x08007c2c        0x8
 *(.ARM.exidx* .gnu.linkonce.armexidx.*)
 .ARM.exidx     0x08007c2c        0x8 c:/program files (x86)/gnu tools arm embedded/5.4 2016q2/bin/../lib/gcc/arm-none-eabi/5.4.1/armv6-m\libgcc.a(_udivmoddi4.o)
                0x08007c34                __exidx_end = .
                0x08007c34                __etext = .
                0x08007c34                _sidata = __etext

.rel.dyn        0x08007c34        0x0
 .rel.iplt      0x08007c34        0x0 ..\obj\stm32f0xx_rcc.o

.data           0x20000000      0x88c load address 0x08007c34
                0x20000000                __data_start__ = .
                0x20000000                _sdata = __data_start__
 *(vtable)
 *(.data*)
 .data          0x20000000       0x10 ..\obj\stm32f0xx_rcc.o
 .data          0x20000010        0x5 ..\obj\NRF24L01.o
                0x20000010                TX_ADDRESS
 *fill*         0x20000015        0x3 
 .data.impure_data
                0x20000018      0x428 c:/program files (x86)/gnu tools arm embedded/5.4 2016q2/bin/../lib/gcc/arm-none-eabi/5.4.1/../../../../arm-none-eabi/lib/armv6-m\libg.a(lib_a-impure.o)
 .data._impure_ptr
                0x20000440        0x4 c:/program files (x86)/gnu tools arm embedded/5.4 2016q2/bin/../lib/gcc/arm-none-eabi/5.4.1/../../../../arm-none-eabi/lib/armv6-m\libg.a(lib_a-impure.o)
                0x20000440                _impure_ptr
 .data.lconv    0x20000444       0x38 c:/program files (x86)/gnu tools arm embedded/5.4 2016q2/bin/../lib/gcc/arm-none-eabi/5.4.1/../../../../arm-none-eabi/lib/armv6-m\libg.a(lib_a-locale.o)
 .data.__malloc_av_
                0x2000047c      0x408 c:/program files (x86)/gnu tools arm embedded/5.4 2016q2/bin/../lib/gcc/arm-none-eabi/5.4.1/../../../../arm-none-eabi/lib/armv6-m\libg.a(lib_a-mallocr.o)
                0x2000047c                __malloc_av_
 .data.__malloc_trim_threshold
                0x20000884        0x4 c:/program files (x86)/gnu tools arm embedded/5.4 2016q2/bin/../lib/gcc/arm-none-eabi/5.4.1/../../../../arm-none-eabi/lib/armv6-m\libg.a(lib_a-mallocr.o)
                0x20000884                __malloc_trim_threshold
 .data.__malloc_sbrk_base
                0x20000888        0x4 c:/program files (x86)/gnu tools arm embedded/5.4 2016q2/bin/../lib/gcc/arm-none-eabi/5.4.1/../../../../arm-none-eabi/lib/armv6-m\libg.a(lib_a-mallocr.o)
                0x20000888                __malloc_sbrk_base
                0x2000088c                . = ALIGN (0x4)
                [!provide]                PROVIDE (__preinit_array_start, .)
 *(.preinit_array)
                [!provide]                PROVIDE (__preinit_array_end, .)
                0x2000088c                . = ALIGN (0x4)
                [!provide]                PROVIDE (__init_array_start, .)
 *(SORT(.init_array.*))
 *(.init_array)
                [!provide]                PROVIDE (__init_array_end, .)
                0x2000088c                . = ALIGN (0x4)
                [!provide]                PROVIDE (__fini_array_start, .)
 *(SORT(.fini_array.*))
 *(.fini_array)
                [!provide]                PROVIDE (__fini_array_end, .)
 *(.jcr*)
                0x2000088c                . = ALIGN (0x4)
                0x2000088c                __data_end__ = .
                0x2000088c                _edata = __data_end__

.igot.plt       0x2000088c        0x0 load address 0x080084c0
 .igot.plt      0x2000088c        0x0 ..\obj\stm32f0xx_rcc.o

.bss            0x2000088c      0x170 load address 0x080084c0
                0x2000088c                . = ALIGN (0x4)
                0x2000088c                __bss_start__ = .
                0x2000088c                _sbss = __bss_start__
 *(.bss*)
 .bss           0x2000088c        0x4 ..\obj\main.o
 .bss           0x20000890        0x4 ..\obj\syscalls.o
 .bss.__malloc_max_total_mem
                0x20000894        0x4 c:/program files (x86)/gnu tools arm embedded/5.4 2016q2/bin/../lib/gcc/arm-none-eabi/5.4.1/../../../../arm-none-eabi/lib/armv6-m\libg.a(lib_a-mallocr.o)
                0x20000894                __malloc_max_total_mem
 .bss.__malloc_max_sbrked_mem
                0x20000898        0x4 c:/program files (x86)/gnu tools arm embedded/5.4 2016q2/bin/../lib/gcc/arm-none-eabi/5.4.1/../../../../arm-none-eabi/lib/armv6-m\libg.a(lib_a-mallocr.o)
                0x20000898                __malloc_max_sbrked_mem
 .bss.__malloc_top_pad
                0x2000089c        0x4 c:/program files (x86)/gnu tools arm embedded/5.4 2016q2/bin/../lib/gcc/arm-none-eabi/5.4.1/../../../../arm-none-eabi/lib/armv6-m\libg.a(lib_a-mallocr.o)
                0x2000089c                __malloc_top_pad
 .bss.__malloc_current_mallinfo
                0x200008a0       0x28 c:/program files (x86)/gnu tools arm embedded/5.4 2016q2/bin/../lib/gcc/arm-none-eabi/5.4.1/../../../../arm-none-eabi/lib/armv6-m\libg.a(lib_a-mallocr.o)
                0x200008a0                __malloc_current_mallinfo
 *(COMMON)
 COMMON         0x200008c8       0xcc ..\obj\Debug.o
                0x200008c8                receivedDebugLen
                0x200008cc                receivedDebug
 COMMON         0x20000994       0x40 ..\obj\NRF24L01.o
                0x20000994                RX_BUF
                0x200009b4                TX_BUF
 COMMON         0x200009d4       0x24 ..\obj\main.o
                0x200009d4                RCC_Clocks
 COMMON         0x200009f8        0x4 c:/program files (x86)/gnu tools arm embedded/5.4 2016q2/bin/../lib/gcc/arm-none-eabi/5.4.1/../../../../arm-none-eabi/lib/armv6-m\libg.a(lib_a-reent.o)
                0x200009f8                errno
                0x200009fc                . = ALIGN (0x4)
                0x200009fc                __bss_end__ = .
                0x200009fc                _ebss = __bss_end__

.heap           0x200009fc        0x0
                0x200009fc                __end__ = .
                0x200009fc                _end = __end__
                0x200009fc                end = __end__
 *(.heap*)
                0x200009fc                __HeapLimit = .

.co_stack       0x200009fc        0x4 load address 0x08008630
                0x20000a00                . = ALIGN (0x8)
 *fill*         0x200009fc        0x4 
 *(.co_stack .co_stack.*)
                0x20004000                __StackTop = (ORIGIN (ram) + LENGTH (ram))
                0x20003ffc                __StackLimit = (__StackTop - SIZEOF (.co_stack))
                [!provide]                PROVIDE (__stack, __StackTop)
                0x00000001                ASSERT ((__StackLimit >= __HeapLimit), region ram  overflowed with stack)
LOAD ..\obj\stm32f0xx_rcc.o
LOAD ..\obj\Debug.o
LOAD ..\obj\NRF24L01.o
LOAD ..\obj\main.o
LOAD ..\obj\startup_stm32f0xx.o
LOAD ..\obj\stm32f0xx_spi.o
LOAD ..\obj\stm32f0xx_gpio.o
LOAD ..\obj\syscalls.o
LOAD ..\obj\stm32f0xx_usart.o
LOAD ..\obj\stm32f0xx_tim.o
LOAD ..\obj\system_stm32f0xx.o
LOAD ..\obj\stm32f0xx_it.o
LOAD ..\obj\stm32f0xx_exti.o
LOAD ..\obj\stm32f0xx_misc.o
START GROUP
LOAD c:/program files (x86)/gnu tools arm embedded/5.4 2016q2/bin/../lib/gcc/arm-none-eabi/5.4.1/armv6-m\libgcc.a
LOAD c:/program files (x86)/gnu tools arm embedded/5.4 2016q2/bin/../lib/gcc/arm-none-eabi/5.4.1/../../../../arm-none-eabi/lib/armv6-m\libg.a
LOAD c:/program files (x86)/gnu tools arm embedded/5.4 2016q2/bin/../lib/gcc/arm-none-eabi/5.4.1/../../../../arm-none-eabi/lib/armv6-m\libc.a
END GROUP
OUTPUT(HomeGuard.elf elf32-littlearm)

.debug_info     0x00000000     0x4a3c
 .debug_info    0x00000000      0xa41 ..\obj\stm32f0xx_rcc.o
 .debug_info    0x00000a41      0x801 ..\obj\Debug.o
 .debug_info    0x00001242      0x831 ..\obj\NRF24L01.o
 .debug_info    0x00001a73      0x4c4 ..\obj\main.o
 .debug_info    0x00001f37       0xed ..\obj\startup_stm32f0xx.o
 .debug_info    0x00002024      0xaaf ..\obj\stm32f0xx_spi.o
 .debug_info    0x00002ad3      0x5e7 ..\obj\stm32f0xx_gpio.o
 .debug_info    0x000030ba      0x458 ..\obj\syscalls.o
 .debug_info    0x00003512      0xe4e ..\obj\stm32f0xx_usart.o
 .debug_info    0x00004360      0x2aa ..\obj\system_stm32f0xx.o
 .debug_info    0x0000460a       0xc4 ..\obj\stm32f0xx_it.o
 .debug_info    0x000046ce      0x36e ..\obj\stm32f0xx_misc.o

.debug_abbrev   0x00000000      0xfa6
 .debug_abbrev  0x00000000      0x1ee ..\obj\stm32f0xx_rcc.o
 .debug_abbrev  0x000001ee      0x1d2 ..\obj\Debug.o
 .debug_abbrev  0x000003c0      0x1fb ..\obj\NRF24L01.o
 .debug_abbrev  0x000005bb      0x1b3 ..\obj\main.o
 .debug_abbrev  0x0000076e       0x12 ..\obj\startup_stm32f0xx.o
 .debug_abbrev  0x00000780      0x1a3 ..\obj\stm32f0xx_spi.o
 .debug_abbrev  0x00000923      0x19f ..\obj\stm32f0xx_gpio.o
 .debug_abbrev  0x00000ac2       0xe5 ..\obj\syscalls.o
 .debug_abbrev  0x00000ba7      0x15e ..\obj\stm32f0xx_usart.o
 .debug_abbrev  0x00000d05      0x104 ..\obj\system_stm32f0xx.o
 .debug_abbrev  0x00000e09       0x58 ..\obj\stm32f0xx_it.o
 .debug_abbrev  0x00000e61      0x145 ..\obj\stm32f0xx_misc.o

.debug_aranges  0x00000000      0x6f8
 .debug_aranges
                0x00000000      0x160 ..\obj\stm32f0xx_rcc.o
 .debug_aranges
                0x00000160       0x68 ..\obj\Debug.o
 .debug_aranges
                0x000001c8       0x98 ..\obj\NRF24L01.o
 .debug_aranges
                0x00000260       0x40 ..\obj\main.o
 .debug_aranges
                0x000002a0       0x28 ..\obj\startup_stm32f0xx.o
 .debug_aranges
                0x000002c8      0x110 ..\obj\stm32f0xx_spi.o
 .debug_aranges
                0x000003d8       0x80 ..\obj\stm32f0xx_gpio.o
 .debug_aranges
                0x00000458       0x60 ..\obj\syscalls.o
 .debug_aranges
                0x000004b8      0x1a0 ..\obj\stm32f0xx_usart.o
 .debug_aranges
                0x00000658       0x30 ..\obj\system_stm32f0xx.o
 .debug_aranges
                0x00000688       0x40 ..\obj\stm32f0xx_it.o
 .debug_aranges
                0x000006c8       0x30 ..\obj\stm32f0xx_misc.o

.debug_ranges   0x00000000      0x640
 .debug_ranges  0x00000000      0x150 ..\obj\stm32f0xx_rcc.o
 .debug_ranges  0x00000150       0x58 ..\obj\Debug.o
 .debug_ranges  0x000001a8       0x88 ..\obj\NRF24L01.o
 .debug_ranges  0x00000230       0x30 ..\obj\main.o
 .debug_ranges  0x00000260       0x20 ..\obj\startup_stm32f0xx.o
 .debug_ranges  0x00000280      0x100 ..\obj\stm32f0xx_spi.o
 .debug_ranges  0x00000380       0x70 ..\obj\stm32f0xx_gpio.o
 .debug_ranges  0x000003f0       0x50 ..\obj\syscalls.o
 .debug_ranges  0x00000440      0x190 ..\obj\stm32f0xx_usart.o
 .debug_ranges  0x000005d0       0x20 ..\obj\system_stm32f0xx.o
 .debug_ranges  0x000005f0       0x30 ..\obj\stm32f0xx_it.o
 .debug_ranges  0x00000620       0x20 ..\obj\stm32f0xx_misc.o

.debug_line     0x00000000     0x271d
 .debug_line    0x00000000      0x5cf ..\obj\stm32f0xx_rcc.o
 .debug_line    0x000005cf      0x339 ..\obj\Debug.o
 .debug_line    0x00000908      0x408 ..\obj\NRF24L01.o
 .debug_line    0x00000d10      0x2ec ..\obj\main.o
 .debug_line    0x00000ffc       0xcc ..\obj\startup_stm32f0xx.o
 .debug_line    0x000010c8      0x501 ..\obj\stm32f0xx_spi.o
 .debug_line    0x000015c9      0x378 ..\obj\stm32f0xx_gpio.o
 .debug_line    0x00001941      0x210 ..\obj\syscalls.o
 .debug_line    0x00001b51      0x66d ..\obj\stm32f0xx_usart.o
 .debug_line    0x000021be      0x1ca ..\obj\system_stm32f0xx.o
 .debug_line    0x00002388       0xcf ..\obj\stm32f0xx_it.o
 .debug_line    0x00002457      0x2c6 ..\obj\stm32f0xx_misc.o

.debug_str      0x00000000     0x2052
 .debug_str     0x00000000      0x703 ..\obj\stm32f0xx_rcc.o
                                0x7a1 (size before relaxing)
 .debug_str     0x00000703      0x4d3 ..\obj\Debug.o
                                0x6af (size before relaxing)
 .debug_str     0x00000bd6      0x3ba ..\obj\NRF24L01.o
                                0x5ff (size before relaxing)
 .debug_str     0x00000f90      0x109 ..\obj\main.o
                                0x521 (size before relaxing)
 .debug_str     0x00001099      0x3c7 ..\obj\stm32f0xx_spi.o
                                0x740 (size before relaxing)
 .debug_str     0x00001460      0x1a2 ..\obj\stm32f0xx_gpio.o
                                0x4a9 (size before relaxing)
 .debug_str     0x00001602      0x1a0 ..\obj\syscalls.o
                                0x376 (size before relaxing)
 .debug_str     0x000017a2      0x671 ..\obj\stm32f0xx_usart.o
                                0x995 (size before relaxing)
 .debug_str     0x00001e13       0xc6 ..\obj\system_stm32f0xx.o
                                0x27b (size before relaxing)
 .debug_str     0x00001ed9       0x9f ..\obj\stm32f0xx_it.o
                                0x1a8 (size before relaxing)
 .debug_str     0x00001f78       0xda ..\obj\stm32f0xx_misc.o
                                0x313 (size before relaxing)

.comment        0x00000000       0x6e
 .comment       0x00000000       0x6e ..\obj\stm32f0xx_rcc.o
                                 0x6f (size before relaxing)
 .comment       0x0000006e       0x6f ..\obj\Debug.o
 .comment       0x0000006e       0x6f ..\obj\NRF24L01.o
 .comment       0x0000006e       0x6f ..\obj\main.o
 .comment       0x0000006e       0x6f ..\obj\stm32f0xx_spi.o
 .comment       0x0000006e       0x6f ..\obj\stm32f0xx_gpio.o
 .comment       0x0000006e       0x6f ..\obj\syscalls.o
 .comment       0x0000006e       0x6f ..\obj\stm32f0xx_usart.o
 .comment       0x0000006e       0x6f ..\obj\system_stm32f0xx.o
 .comment       0x0000006e       0x6f ..\obj\stm32f0xx_it.o
 .comment       0x0000006e       0x6f ..\obj\stm32f0xx_misc.o

.ARM.attributes
                0x00000000       0x2f
 .ARM.attributes
                0x00000000       0x31 ..\obj\stm32f0xx_rcc.o
 .ARM.attributes
                0x00000031       0x31 ..\obj\Debug.o
 .ARM.attributes
                0x00000062       0x31 ..\obj\NRF24L01.o
 .ARM.attributes
                0x00000093       0x31 ..\obj\main.o
 .ARM.attributes
                0x000000c4       0x21 ..\obj\startup_stm32f0xx.o
 .ARM.attributes
                0x000000e5       0x31 ..\obj\stm32f0xx_spi.o
 .ARM.attributes
                0x00000116       0x31 ..\obj\stm32f0xx_gpio.o
 .ARM.attributes
                0x00000147       0x31 ..\obj\syscalls.o
 .ARM.attributes
                0x00000178       0x31 ..\obj\stm32f0xx_usart.o
 .ARM.attributes
                0x000001a9       0x31 ..\obj\system_stm32f0xx.o
 .ARM.attributes
                0x000001da       0x31 ..\obj\stm32f0xx_it.o
 .ARM.attributes
                0x0000020b       0x31 ..\obj\stm32f0xx_misc.o
 .ARM.attributes
                0x0000023c       0x1e c:/program files (x86)/gnu tools arm embedded/5.4 2016q2/bin/../lib/gcc/arm-none-eabi/5.4.1/armv6-m\libgcc.a(_udivsi3.o)
 .ARM.attributes
                0x0000025a       0x1e c:/program files (x86)/gnu tools arm embedded/5.4 2016q2/bin/../lib/gcc/arm-none-eabi/5.4.1/armv6-m\libgcc.a(_dvmd_tls.o)
 .ARM.attributes
                0x00000278       0x2c c:/program files (x86)/gnu tools arm embedded/5.4 2016q2/bin/../lib/gcc/arm-none-eabi/5.4.1/../../../../arm-none-eabi/lib/armv6-m\libg.a(lib_a-memcpy-stub.o)
 .ARM.attributes
                0x000002a4       0x2c c:/program files (x86)/gnu tools arm embedded/5.4 2016q2/bin/../lib/gcc/arm-none-eabi/5.4.1/../../../../arm-none-eabi/lib/armv6-m\libg.a(lib_a-memset.o)
 .ARM.attributes
                0x000002d0       0x2c c:/program files (x86)/gnu tools arm embedded/5.4 2016q2/bin/../lib/gcc/arm-none-eabi/5.4.1/../../../../arm-none-eabi/lib/armv6-m\libg.a(lib_a-sprintf.o)
 .ARM.attributes
                0x000002fc       0x2c c:/program files (x86)/gnu tools arm embedded/5.4 2016q2/bin/../lib/gcc/arm-none-eabi/5.4.1/../../../../arm-none-eabi/lib/armv6-m\libg.a(lib_a-strcat.o)
 .ARM.attributes
                0x00000328       0x2c c:/program files (x86)/gnu tools arm embedded/5.4 2016q2/bin/../lib/gcc/arm-none-eabi/5.4.1/../../../../arm-none-eabi/lib/armv6-m\libg.a(lib_a-strcpy.o)
 .ARM.attributes
                0x00000354       0x2c c:/program files (x86)/gnu tools arm embedded/5.4 2016q2/bin/../lib/gcc/arm-none-eabi/5.4.1/../../../../arm-none-eabi/lib/armv6-m\libg.a(lib_a-strlen-stub.o)
 .ARM.attributes
                0x00000380       0x2c c:/program files (x86)/gnu tools arm embedded/5.4 2016q2/bin/../lib/gcc/arm-none-eabi/5.4.1/../../../../arm-none-eabi/lib/armv6-m\libg.a(lib_a-svfprintf.o)
 .ARM.attributes
                0x000003ac       0x2c c:/program files (x86)/gnu tools arm embedded/5.4 2016q2/bin/../lib/gcc/arm-none-eabi/5.4.1/../../../../arm-none-eabi/lib/armv6-m\libg.a(lib_a-dtoa.o)
 .ARM.attributes
                0x000003d8       0x2c c:/program files (x86)/gnu tools arm embedded/5.4 2016q2/bin/../lib/gcc/arm-none-eabi/5.4.1/../../../../arm-none-eabi/lib/armv6-m\libg.a(lib_a-impure.o)
 .ARM.attributes
                0x00000404       0x2c c:/program files (x86)/gnu tools arm embedded/5.4 2016q2/bin/../lib/gcc/arm-none-eabi/5.4.1/../../../../arm-none-eabi/lib/armv6-m\libg.a(lib_a-locale.o)
 .ARM.attributes
                0x00000430       0x2c c:/program files (x86)/gnu tools arm embedded/5.4 2016q2/bin/../lib/gcc/arm-none-eabi/5.4.1/../../../../arm-none-eabi/lib/armv6-m\libg.a(lib_a-mallocr.o)
 .ARM.attributes
                0x0000045c       0x2c c:/program files (x86)/gnu tools arm embedded/5.4 2016q2/bin/../lib/gcc/arm-none-eabi/5.4.1/../../../../arm-none-eabi/lib/armv6-m\libg.a(lib_a-memchr-stub.o)
 .ARM.attributes
                0x00000488       0x2c c:/program files (x86)/gnu tools arm embedded/5.4 2016q2/bin/../lib/gcc/arm-none-eabi/5.4.1/../../../../arm-none-eabi/lib/armv6-m\libg.a(lib_a-mlock.o)
 .ARM.attributes
                0x000004b4       0x2c c:/program files (x86)/gnu tools arm embedded/5.4 2016q2/bin/../lib/gcc/arm-none-eabi/5.4.1/../../../../arm-none-eabi/lib/armv6-m\libg.a(lib_a-mprec.o)
 .ARM.attributes
                0x000004e0       0x2c c:/program files (x86)/gnu tools arm embedded/5.4 2016q2/bin/../lib/gcc/arm-none-eabi/5.4.1/../../../../arm-none-eabi/lib/armv6-m\libg.a(lib_a-sbrkr.o)
 .ARM.attributes
                0x0000050c       0x2c c:/program files (x86)/gnu tools arm embedded/5.4 2016q2/bin/../lib/gcc/arm-none-eabi/5.4.1/../../../../arm-none-eabi/lib/armv6-m\libg.a(lib_a-svfiprintf.o)
 .ARM.attributes
                0x00000538       0x2c c:/program files (x86)/gnu tools arm embedded/5.4 2016q2/bin/../lib/gcc/arm-none-eabi/5.4.1/../../../../arm-none-eabi/lib/armv6-m\libg.a(lib_a-callocr.o)
 .ARM.attributes
                0x00000564       0x2c c:/program files (x86)/gnu tools arm embedded/5.4 2016q2/bin/../lib/gcc/arm-none-eabi/5.4.1/../../../../arm-none-eabi/lib/armv6-m\libg.a(lib_a-freer.o)
 .ARM.attributes
                0x00000590       0x2c c:/program files (x86)/gnu tools arm embedded/5.4 2016q2/bin/../lib/gcc/arm-none-eabi/5.4.1/../../../../arm-none-eabi/lib/armv6-m\libg.a(lib_a-memmove.o)
 .ARM.attributes
                0x000005bc       0x2c c:/program files (x86)/gnu tools arm embedded/5.4 2016q2/bin/../lib/gcc/arm-none-eabi/5.4.1/../../../../arm-none-eabi/lib/armv6-m\libg.a(lib_a-reallocr.o)
 .ARM.attributes
                0x000005e8       0x2c c:/program files (x86)/gnu tools arm embedded/5.4 2016q2/bin/../lib/gcc/arm-none-eabi/5.4.1/../../../../arm-none-eabi/lib/armv6-m\libg.a(lib_a-reent.o)
 .ARM.attributes
                0x00000614       0x1e c:/program files (x86)/gnu tools arm embedded/5.4 2016q2/bin/../lib/gcc/arm-none-eabi/5.4.1/armv6-m\libgcc.a(_divsi3.o)
 .ARM.attributes
                0x00000632       0x1e c:/program files (x86)/gnu tools arm embedded/5.4 2016q2/bin/../lib/gcc/arm-none-eabi/5.4.1/armv6-m\libgcc.a(_arm_cmpdf2.o)
 .ARM.attributes
                0x00000650       0x1e c:/program files (x86)/gnu tools arm embedded/5.4 2016q2/bin/../lib/gcc/arm-none-eabi/5.4.1/armv6-m\libgcc.a(_aeabi_uldivmod.o)
 .ARM.attributes
                0x0000066e       0x2c c:/program files (x86)/gnu tools arm embedded/5.4 2016q2/bin/../lib/gcc/arm-none-eabi/5.4.1/armv6-m\libgcc.a(_udivmoddi4.o)
 .ARM.attributes
                0x0000069a       0x2c c:/program files (x86)/gnu tools arm embedded/5.4 2016q2/bin/../lib/gcc/arm-none-eabi/5.4.1/armv6-m\libgcc.a(adddf3.o)
 .ARM.attributes
                0x000006c6       0x2c c:/program files (x86)/gnu tools arm embedded/5.4 2016q2/bin/../lib/gcc/arm-none-eabi/5.4.1/armv6-m\libgcc.a(divdf3.o)
 .ARM.attributes
                0x000006f2       0x2c c:/program files (x86)/gnu tools arm embedded/5.4 2016q2/bin/../lib/gcc/arm-none-eabi/5.4.1/armv6-m\libgcc.a(eqdf2.o)
 .ARM.attributes
                0x0000071e       0x2c c:/program files (x86)/gnu tools arm embedded/5.4 2016q2/bin/../lib/gcc/arm-none-eabi/5.4.1/armv6-m\libgcc.a(gedf2.o)
 .ARM.attributes
                0x0000074a       0x2c c:/program files (x86)/gnu tools arm embedded/5.4 2016q2/bin/../lib/gcc/arm-none-eabi/5.4.1/armv6-m\libgcc.a(ledf2.o)
 .ARM.attributes
                0x00000776       0x2c c:/program files (x86)/gnu tools arm embedded/5.4 2016q2/bin/../lib/gcc/arm-none-eabi/5.4.1/armv6-m\libgcc.a(muldf3.o)
 .ARM.attributes
                0x000007a2       0x2c c:/program files (x86)/gnu tools arm embedded/5.4 2016q2/bin/../lib/gcc/arm-none-eabi/5.4.1/armv6-m\libgcc.a(subdf3.o)
 .ARM.attributes
                0x000007ce       0x2c c:/program files (x86)/gnu tools arm embedded/5.4 2016q2/bin/../lib/gcc/arm-none-eabi/5.4.1/armv6-m\libgcc.a(unorddf2.o)
 .ARM.attributes
                0x000007fa       0x2c c:/program files (x86)/gnu tools arm embedded/5.4 2016q2/bin/../lib/gcc/arm-none-eabi/5.4.1/armv6-m\libgcc.a(fixdfsi.o)
 .ARM.attributes
                0x00000826       0x2c c:/program files (x86)/gnu tools arm embedded/5.4 2016q2/bin/../lib/gcc/arm-none-eabi/5.4.1/armv6-m\libgcc.a(floatsidf.o)
 .ARM.attributes
                0x00000852       0x2c c:/program files (x86)/gnu tools arm embedded/5.4 2016q2/bin/../lib/gcc/arm-none-eabi/5.4.1/armv6-m\libgcc.a(floatunsidf.o)
 .ARM.attributes
                0x0000087e       0x1e c:/program files (x86)/gnu tools arm embedded/5.4 2016q2/bin/../lib/gcc/arm-none-eabi/5.4.1/armv6-m\libgcc.a(_clzsi2.o)
 .ARM.attributes
                0x0000089c       0x1e c:/program files (x86)/gnu tools arm embedded/5.4 2016q2/bin/../lib/gcc/arm-none-eabi/5.4.1/armv6-m\libgcc.a(_clzdi2.o)

.debug_frame    0x00000000     0x2168
 .debug_frame   0x00000000      0x524 ..\obj\stm32f0xx_rcc.o
 .debug_frame   0x00000524      0x14c ..\obj\Debug.o
 .debug_frame   0x00000670      0x208 ..\obj\NRF24L01.o
 .debug_frame   0x00000878       0xac ..\obj\main.o
 .debug_frame   0x00000924      0x3f0 ..\obj\stm32f0xx_spi.o
 .debug_frame   0x00000d14      0x1b0 ..\obj\stm32f0xx_gpio.o
 .debug_frame   0x00000ec4      0x12c ..\obj\syscalls.o
 .debug_frame   0x00000ff0      0x630 ..\obj\stm32f0xx_usart.o
 .debug_frame   0x00001620       0x68 ..\obj\system_stm32f0xx.o
 .debug_frame   0x00001688       0x9c ..\obj\stm32f0xx_it.o
 .debug_frame   0x00001724       0x70 ..\obj\stm32f0xx_misc.o
 .debug_frame   0x00001794       0x20 c:/program files (x86)/gnu tools arm embedded/5.4 2016q2/bin/../lib/gcc/arm-none-eabi/5.4.1/armv6-m\libgcc.a(_udivsi3.o)
 .debug_frame   0x000017b4       0x2c c:/program files (x86)/gnu tools arm embedded/5.4 2016q2/bin/../lib/gcc/arm-none-eabi/5.4.1/../../../../arm-none-eabi/lib/armv6-m\libg.a(lib_a-memcpy-stub.o)
 .debug_frame   0x000017e0       0x2c c:/program files (x86)/gnu tools arm embedded/5.4 2016q2/bin/../lib/gcc/arm-none-eabi/5.4.1/../../../../arm-none-eabi/lib/armv6-m\libg.a(lib_a-memset.o)
 .debug_frame   0x0000180c       0x50 c:/program files (x86)/gnu tools arm embedded/5.4 2016q2/bin/../lib/gcc/arm-none-eabi/5.4.1/../../../../arm-none-eabi/lib/armv6-m\libg.a(lib_a-sprintf.o)
 .debug_frame   0x0000185c       0x2c c:/program files (x86)/gnu tools arm embedded/5.4 2016q2/bin/../lib/gcc/arm-none-eabi/5.4.1/../../../../arm-none-eabi/lib/armv6-m\libg.a(lib_a-strcat.o)
 .debug_frame   0x00001888       0x20 c:/program files (x86)/gnu tools arm embedded/5.4 2016q2/bin/../lib/gcc/arm-none-eabi/5.4.1/../../../../arm-none-eabi/lib/armv6-m\libg.a(lib_a-strcpy.o)
 .debug_frame   0x000018a8       0x28 c:/program files (x86)/gnu tools arm embedded/5.4 2016q2/bin/../lib/gcc/arm-none-eabi/5.4.1/../../../../arm-none-eabi/lib/armv6-m\libg.a(lib_a-strlen-stub.o)
 .debug_frame   0x000018d0       0x3c c:/program files (x86)/gnu tools arm embedded/5.4 2016q2/bin/../lib/gcc/arm-none-eabi/5.4.1/../../../../arm-none-eabi/lib/armv6-m\libg.a(lib_a-svfprintf.o)
 .debug_frame   0x0000190c       0x68 c:/program files (x86)/gnu tools arm embedded/5.4 2016q2/bin/../lib/gcc/arm-none-eabi/5.4.1/../../../../arm-none-eabi/lib/armv6-m\libg.a(lib_a-dtoa.o)
 .debug_frame   0x00001974       0xa4 c:/program files (x86)/gnu tools arm embedded/5.4 2016q2/bin/../lib/gcc/arm-none-eabi/5.4.1/../../../../arm-none-eabi/lib/armv6-m\libg.a(lib_a-locale.o)
 .debug_frame   0x00001a18       0x3c c:/program files (x86)/gnu tools arm embedded/5.4 2016q2/bin/../lib/gcc/arm-none-eabi/5.4.1/../../../../arm-none-eabi/lib/armv6-m\libg.a(lib_a-mallocr.o)
 .debug_frame   0x00001a54       0x2c c:/program files (x86)/gnu tools arm embedded/5.4 2016q2/bin/../lib/gcc/arm-none-eabi/5.4.1/../../../../arm-none-eabi/lib/armv6-m\libg.a(lib_a-memchr-stub.o)
 .debug_frame   0x00001a80       0x30 c:/program files (x86)/gnu tools arm embedded/5.4 2016q2/bin/../lib/gcc/arm-none-eabi/5.4.1/../../../../arm-none-eabi/lib/armv6-m\libg.a(lib_a-mlock.o)
 .debug_frame   0x00001ab0      0x258 c:/program files (x86)/gnu tools arm embedded/5.4 2016q2/bin/../lib/gcc/arm-none-eabi/5.4.1/../../../../arm-none-eabi/lib/armv6-m\libg.a(lib_a-mprec.o)
 .debug_frame   0x00001d08       0x2c c:/program files (x86)/gnu tools arm embedded/5.4 2016q2/bin/../lib/gcc/arm-none-eabi/5.4.1/../../../../arm-none-eabi/lib/armv6-m\libg.a(lib_a-sbrkr.o)
 .debug_frame   0x00001d34       0x68 c:/program files (x86)/gnu tools arm embedded/5.4 2016q2/bin/../lib/gcc/arm-none-eabi/5.4.1/../../../../arm-none-eabi/lib/armv6-m\libg.a(lib_a-svfiprintf.o)
 .debug_frame   0x00001d9c       0x28 c:/program files (x86)/gnu tools arm embedded/5.4 2016q2/bin/../lib/gcc/arm-none-eabi/5.4.1/../../../../arm-none-eabi/lib/armv6-m\libg.a(lib_a-callocr.o)
 .debug_frame   0x00001dc4       0x54 c:/program files (x86)/gnu tools arm embedded/5.4 2016q2/bin/../lib/gcc/arm-none-eabi/5.4.1/../../../../arm-none-eabi/lib/armv6-m\libg.a(lib_a-freer.o)
 .debug_frame   0x00001e18       0x2c c:/program files (x86)/gnu tools arm embedded/5.4 2016q2/bin/../lib/gcc/arm-none-eabi/5.4.1/../../../../arm-none-eabi/lib/armv6-m\libg.a(lib_a-memmove.o)
 .debug_frame   0x00001e44       0x3c c:/program files (x86)/gnu tools arm embedded/5.4 2016q2/bin/../lib/gcc/arm-none-eabi/5.4.1/../../../../arm-none-eabi/lib/armv6-m\libg.a(lib_a-reallocr.o)
 .debug_frame   0x00001e80       0x48 c:/program files (x86)/gnu tools arm embedded/5.4 2016q2/bin/../lib/gcc/arm-none-eabi/5.4.1/../../../../arm-none-eabi/lib/armv6-m\libg.a(lib_a-reent.o)
 .debug_frame   0x00001ec8       0x20 c:/program files (x86)/gnu tools arm embedded/5.4 2016q2/bin/../lib/gcc/arm-none-eabi/5.4.1/armv6-m\libgcc.a(_divsi3.o)
 .debug_frame   0x00001ee8       0x3c c:/program files (x86)/gnu tools arm embedded/5.4 2016q2/bin/../lib/gcc/arm-none-eabi/5.4.1/armv6-m\libgcc.a(_udivmoddi4.o)
 .debug_frame   0x00001f24       0x3c c:/program files (x86)/gnu tools arm embedded/5.4 2016q2/bin/../lib/gcc/arm-none-eabi/5.4.1/armv6-m\libgcc.a(adddf3.o)
 .debug_frame   0x00001f60       0x3c c:/program files (x86)/gnu tools arm embedded/5.4 2016q2/bin/../lib/gcc/arm-none-eabi/5.4.1/armv6-m\libgcc.a(divdf3.o)
 .debug_frame   0x00001f9c       0x38 c:/program files (x86)/gnu tools arm embedded/5.4 2016q2/bin/../lib/gcc/arm-none-eabi/5.4.1/armv6-m\libgcc.a(eqdf2.o)
 .debug_frame   0x00001fd4       0x38 c:/program files (x86)/gnu tools arm embedded/5.4 2016q2/bin/../lib/gcc/arm-none-eabi/5.4.1/armv6-m\libgcc.a(gedf2.o)
 .debug_frame   0x0000200c       0x38 c:/program files (x86)/gnu tools arm embedded/5.4 2016q2/bin/../lib/gcc/arm-none-eabi/5.4.1/armv6-m\libgcc.a(ledf2.o)
 .debug_frame   0x00002044       0x3c c:/program files (x86)/gnu tools arm embedded/5.4 2016q2/bin/../lib/gcc/arm-none-eabi/5.4.1/armv6-m\libgcc.a(muldf3.o)
 .debug_frame   0x00002080       0x38 c:/program files (x86)/gnu tools arm embedded/5.4 2016q2/bin/../lib/gcc/arm-none-eabi/5.4.1/armv6-m\libgcc.a(subdf3.o)
 .debug_frame   0x000020b8       0x2c c:/program files (x86)/gnu tools arm embedded/5.4 2016q2/bin/../lib/gcc/arm-none-eabi/5.4.1/armv6-m\libgcc.a(unorddf2.o)
 .debug_frame   0x000020e4       0x2c c:/program files (x86)/gnu tools arm embedded/5.4 2016q2/bin/../lib/gcc/arm-none-eabi/5.4.1/armv6-m\libgcc.a(fixdfsi.o)
 .debug_frame   0x00002110       0x2c c:/program files (x86)/gnu tools arm embedded/5.4 2016q2/bin/../lib/gcc/arm-none-eabi/5.4.1/armv6-m\libgcc.a(floatsidf.o)
 .debug_frame   0x0000213c       0x2c c:/program files (x86)/gnu tools arm embedded/5.4 2016q2/bin/../lib/gcc/arm-none-eabi/5.4.1/armv6-m\libgcc.a(floatunsidf.o)
